\BOOKMARK [1][-]{section.1}{\376\377\000I\000n\000t\000r\000o\000d\000u\000c\000t\000i\000o\000n}{}% 1
\BOOKMARK [1][-]{section.2}{\376\377\000D\000a\000t\000a}{}% 2
\BOOKMARK [2][-]{subsection.2.1}{\376\377\000T\000h\000e\000\040\000Q\000u\000a\000r\000t\000e\000r\000l\000y\000\040\000L\000a\000b\000o\000u\000r\000\040\000F\000o\000r\000c\000e\000\040\000S\000u\000r\000v\000e\000y}{section.2}% 3
\BOOKMARK [2][-]{subsection.2.2}{\376\377\000T\000h\000e\000\040\000e\000m\000p\000i\000r\000i\000c\000a\000l\000\040\000p\000u\000z\000z\000l\000e}{section.2}% 4
\BOOKMARK [2][-]{subsection.2.3}{\376\377\000E\000v\000i\000d\000e\000n\000c\000e\000\040\000o\000f\000\040\000m\000e\000a\000s\000u\000r\000e\000m\000e\000n\000t\000\040\000e\000r\000r\000o\000r}{section.2}% 5
\BOOKMARK [2][-]{subsection.2.4}{\376\377\000T\000e\000n\000u\000r\000e\000\040\000a\000n\000d\000\040\000d\000u\000r\000a\000t\000i\000o\000n\000\040\000d\000a\000t\000a}{section.2}% 6
\BOOKMARK [1][-]{section.3}{\376\377\000M\000e\000t\000h\000o\000d\000o\000l\000o\000g\000y}{}% 7
\BOOKMARK [2][-]{subsection.3.1}{\376\377\000B\000a\000s\000e\000l\000i\000n\000e\000\040\000m\000o\000d\000e\000l}{section.3}% 8
\BOOKMARK [2][-]{subsection.3.2}{\376\377\000E\000x\000t\000e\000n\000s\000i\000o\000n\000s}{section.3}% 9
\BOOKMARK [3][-]{subsubsection.3.2.1}{\376\377\000O\000b\000s\000e\000r\000v\000a\000b\000l\000e\000\040\000w\000o\000r\000k\000e\000r\000\040\000h\000e\000t\000e\000r\000o\000g\000e\000n\000e\000i\000t\000y}{subsection.3.2}% 10
\BOOKMARK [3][-]{subsubsection.3.2.2}{\376\377\000F\000i\000n\000i\000t\000e\000\040\000m\000i\000x\000t\000u\000r\000e\000\040\000m\000o\000d\000e\000l\000\040\000f\000o\000r\000\040\000u\000n\000o\000b\000s\000e\000r\000v\000e\000d\000\040\000h\000e\000t\000e\000r\000o\000g\000e\000n\000e\000i\000t\000y}{subsection.3.2}% 11
\BOOKMARK [3][-]{subsubsection.3.2.3}{\376\377\000I\000n\000c\000o\000n\000s\000i\000s\000t\000e\000n\000c\000y\000-\000a\000u\000g\000m\000e\000n\000t\000e\000d\000\040\000m\000i\000s\000c\000l\000a\000s\000s\000i\000f\000i\000c\000a\000t\000i\000o\000n}{subsection.3.2}% 12
\BOOKMARK [3][-]{subsubsection.3.2.4}{\376\377\000A\000R\000\050\0002\000\051\000\040\000e\000x\000t\000e\000n\000s\000i\000o\000n}{subsection.3.2}% 13
\BOOKMARK [3][-]{subsubsection.3.2.5}{\376\377\000T\000e\000n\000u\000r\000e\000\040\000c\000o\000n\000t\000a\000m\000i\000n\000a\000t\000i\000o\000n\000\040\000m\000o\000d\000e\000l}{subsection.3.2}% 14
\BOOKMARK [2][-]{subsection.3.3}{\376\377\000M\000a\000t\000c\000h\000i\000n\000g\000\040\000a\000n\000d\000\040\000s\000a\000m\000p\000l\000e\000\040\000c\000o\000n\000s\000t\000r\000u\000c\000t\000i\000o\000n}{section.3}% 15
\BOOKMARK [1][-]{section.4}{\376\377\000M\000a\000i\000n\000\040\000R\000e\000s\000u\000l\000t\000s}{}% 16
\BOOKMARK [2][-]{subsection.4.1}{\376\377\000B\000a\000s\000e\000l\000i\000n\000e\000\040\000e\000s\000t\000i\000m\000a\000t\000e\000s}{section.4}% 17
\BOOKMARK [2][-]{subsection.4.2}{\376\377\000O\000b\000s\000e\000r\000v\000a\000b\000l\000e\000\040\000w\000o\000r\000k\000e\000r\000\040\000h\000e\000t\000e\000r\000o\000g\000e\000n\000e\000i\000t\000y}{section.4}% 18
\BOOKMARK [2][-]{subsection.4.3}{\376\377\000U\000n\000o\000b\000s\000e\000r\000v\000e\000d\000\040\000w\000o\000r\000k\000e\000r\000\040\000h\000e\000t\000e\000r\000o\000g\000e\000n\000e\000i\000t\000y}{section.4}% 19
\BOOKMARK [2][-]{subsection.4.4}{\376\377\000I\000n\000c\000o\000n\000s\000i\000s\000t\000e\000n\000c\000y\000-\000a\000u\000g\000m\000e\000n\000t\000e\000d\000\040\000m\000i\000s\000c\000l\000a\000s\000s\000i\000f\000i\000c\000a\000t\000i\000o\000n}{section.4}% 20
\BOOKMARK [1][-]{section.5}{\376\377\000A\000l\000t\000e\000r\000n\000a\000t\000i\000v\000e\000\040\000S\000p\000e\000c\000i\000f\000i\000c\000a\000t\000i\000o\000n\000s}{}% 21
\BOOKMARK [2][-]{subsection.5.1}{\376\377\000A\000R\000\050\0002\000\051\000:\000\040\000s\000e\000c\000o\000n\000d\000-\000o\000r\000d\000e\000r\000\040\000M\000a\000r\000k\000o\000v\000\040\000d\000y\000n\000a\000m\000i\000c\000s}{section.5}% 22
\BOOKMARK [2][-]{subsection.5.2}{\376\377\000T\000e\000n\000u\000r\000e\000\040\000c\000o\000n\000t\000a\000m\000i\000n\000a\000t\000i\000o\000n\000\040\000m\000o\000d\000e\000l}{section.5}% 23
\BOOKMARK [2][-]{subsection.5.3}{\376\377\000M\000a\000t\000c\000h\000i\000n\000g\000\040\000a\000l\000g\000o\000r\000i\000t\000h\000m\000\040\000s\000e\000n\000s\000i\000t\000i\000v\000i\000t\000y}{section.5}% 24
\BOOKMARK [1][-]{section.6}{\376\377\000C\000o\000n\000c\000l\000u\000s\000i\000o\000n}{}% 25
\BOOKMARK [1][-]{section.A}{\376\377\000B\000a\000s\000e\000l\000i\000n\000e\000\040\000E\000M\000\040\000a\000l\000g\000o\000r\000i\000t\000h\000m\000:\000\040\000f\000u\000l\000l\000\040\000d\000e\000r\000i\000v\000a\000t\000i\000o\000n}{}% 26
\BOOKMARK [2][-]{subsection.A.1}{\376\377\000M\000o\000d\000e\000l}{section.A}% 27
\BOOKMARK [3][-]{subsubsection.A.1.1}{\376\377\000S\000t\000a\000t\000e\000s\000\040\000a\000n\000d\000\040\000n\000o\000t\000a\000t\000i\000o\000n}{subsection.A.1}% 28
\BOOKMARK [3][-]{subsubsection.A.1.2}{\376\377\000T\000r\000u\000e\000\040\000d\000y\000n\000a\000m\000i\000c\000s\000:\000\040\000f\000i\000r\000s\000t\000-\000o\000r\000d\000e\000r\000\040\000M\000a\000r\000k\000o\000v\000\040\000c\000h\000a\000i\000n}{subsection.A.1}% 29
\BOOKMARK [3][-]{subsubsection.A.1.3}{\376\377\000O\000b\000s\000e\000r\000v\000a\000t\000i\000o\000n\000\040\000m\000o\000d\000e\000l\000:\000\040\000s\000t\000a\000t\000e\000\040\000m\000i\000s\000c\000l\000a\000s\000s\000i\000f\000i\000c\000a\000t\000i\000o\000n}{subsection.A.1}% 30
\BOOKMARK [3][-]{subsubsection.A.1.4}{\376\377\000O\000b\000s\000e\000r\000v\000e\000d\000-\000d\000a\000t\000a\000\040\000l\000i\000k\000e\000l\000i\000h\000o\000o\000d}{subsection.A.1}% 31
\BOOKMARK [2][-]{subsection.A.2}{\376\377\000E\000M\000\040\000a\000l\000g\000o\000r\000i\000t\000h\000m}{section.A}% 32
\BOOKMARK [3][-]{subsubsection.A.2.1}{\376\377\000C\000o\000m\000p\000l\000e\000t\000e\000-\000d\000a\000t\000a\000\040\000f\000o\000r\000m\000u\000l\000a\000t\000i\000o\000n}{subsection.A.2}% 33
\BOOKMARK [3][-]{subsubsection.A.2.2}{\376\377\000E\000-\000s\000t\000e\000p\000:\000\040\000r\000e\000s\000p\000o\000n\000s\000i\000b\000i\000l\000i\000t\000i\000e\000s}{subsection.A.2}% 34
\BOOKMARK [3][-]{subsubsection.A.2.3}{\376\377\000M\000-\000s\000t\000e\000p\000:\000\040\000p\000a\000r\000a\000m\000e\000t\000e\000r\000\040\000u\000p\000d\000a\000t\000e\000s}{subsection.A.2}% 35
\BOOKMARK [3][-]{subsubsection.A.2.4}{\376\377\000I\000t\000e\000r\000a\000t\000i\000o\000n\000\040\000a\000n\000d\000\040\000c\000o\000n\000v\000e\000r\000g\000e\000n\000c\000e}{subsection.A.2}% 36
\BOOKMARK [3][-]{subsubsection.A.2.5}{\376\377\000E\000q\000u\000i\000v\000a\000l\000e\000n\000c\000e\000\040\000t\000o\000\040\000d\000i\000r\000e\000c\000t\000\040\000n\000u\000m\000e\000r\000i\000c\000a\000l\000\040\000m\000a\000x\000i\000m\000i\000s\000a\000t\000i\000o\000n}{subsection.A.2}% 37
\BOOKMARK [2][-]{subsection.A.3}{\376\377\000I\000d\000e\000n\000t\000i\000f\000i\000c\000a\000t\000i\000o\000n}{section.A}% 38
\BOOKMARK [2][-]{subsection.A.4}{\376\377\000A\000s\000y\000m\000m\000e\000t\000r\000i\000c\000\040\000m\000i\000s\000c\000l\000a\000s\000s\000i\000f\000i\000c\000a\000t\000i\000o\000n}{section.A}% 39
\BOOKMARK [2][-]{subsection.A.5}{\376\377\000E\000x\000t\000e\000n\000s\000i\000o\000n\000\040\000I\000:\000\040\000O\000b\000s\000e\000r\000v\000a\000b\000l\000e\000\040\000h\000e\000t\000e\000r\000o\000g\000e\000n\000e\000i\000t\000y}{section.A}% 40
\BOOKMARK [3][-]{subsubsection.A.5.1}{\376\377\000M\000o\000t\000i\000v\000a\000t\000i\000o\000n}{subsection.A.5}% 41
\BOOKMARK [3][-]{subsubsection.A.5.2}{\376\377\000C\000o\000v\000a\000r\000i\000a\000t\000e\000\040\000s\000p\000e\000c\000i\000f\000i\000c\000a\000t\000i\000o\000n}{subsection.A.5}% 42
\BOOKMARK [3][-]{subsubsection.A.5.3}{\376\377\000E\000M\000\040\000a\000l\000g\000o\000r\000i\000t\000h\000m\000\040\000w\000i\000t\000h\000\040\000c\000o\000v\000a\000r\000i\000a\000t\000e\000s}{subsection.A.5}% 43
\BOOKMARK [2][-]{subsection.A.6}{\376\377\000E\000x\000t\000e\000n\000s\000i\000o\000n\000\040\000I\000I\000:\000\040\000D\000u\000r\000a\000t\000i\000o\000n\000\040\000d\000e\000p\000e\000n\000d\000e\000n\000c\000e}{section.A}% 44
\BOOKMARK [3][-]{subsubsection.A.6.1}{\376\377\000M\000o\000t\000i\000v\000a\000t\000i\000o\000n}{subsection.A.6}% 45
\BOOKMARK [3][-]{subsubsection.A.6.2}{\376\377\000S\000p\000e\000c\000i\000f\000i\000c\000a\000t\000i\000o\000n}{subsection.A.6}% 46
\BOOKMARK [3][-]{subsubsection.A.6.3}{\376\377\000T\000h\000e\000\040\000m\000i\000s\000s\000i\000n\000g\000-\000c\000o\000v\000a\000r\000i\000a\000t\000e\000\040\000c\000h\000a\000l\000l\000e\000n\000g\000e}{subsection.A.6}% 47
\BOOKMARK [2][-]{subsection.A.7}{\376\377\000E\000x\000t\000e\000n\000s\000i\000o\000n\000\040\000I\000I\000I\000:\000\040\000U\000n\000o\000b\000s\000e\000r\000v\000e\000d\000\040\000h\000e\000t\000e\000r\000o\000g\000e\000n\000e\000i\000t\000y}{section.A}% 48
\BOOKMARK [3][-]{subsubsection.A.7.1}{\376\377\000M\000o\000t\000i\000v\000a\000t\000i\000o\000n}{subsection.A.7}% 49
\BOOKMARK [3][-]{subsubsection.A.7.2}{\376\377\000T\000w\000o\000-\000t\000y\000p\000e\000\040\000F\000M\000M\000\040\000s\000p\000e\000c\000i\000f\000i\000c\000a\000t\000i\000o\000n}{subsection.A.7}% 50
\BOOKMARK [3][-]{subsubsection.A.7.3}{\376\377\000E\000M\000\040\000a\000l\000g\000o\000r\000i\000t\000h\000m\000\040\000f\000o\000r\000\040\000t\000h\000e\000\040\000F\000M\000M}{subsection.A.7}% 51
\BOOKMARK [2][-]{subsection.A.8}{\376\377\000E\000x\000t\000e\000n\000s\000i\000o\000n\000\040\000I\000V\000:\000\040\000I\000n\000c\000o\000n\000s\000i\000s\000t\000e\000n\000c\000y\000-\000a\000u\000g\000m\000e\000n\000t\000e\000d\000\040\000m\000i\000s\000c\000l\000a\000s\000s\000i\000f\000i\000c\000a\000t\000i\000o\000n}{section.A}% 52
\BOOKMARK [3][-]{subsubsection.A.8.1}{\376\377\000M\000o\000t\000i\000v\000a\000t\000i\000o\000n}{subsection.A.8}% 53
\BOOKMARK [3][-]{subsubsection.A.8.2}{\376\377\000I\000n\000c\000o\000n\000s\000i\000s\000t\000e\000n\000c\000y\000\040\000i\000n\000d\000i\000c\000a\000t\000o\000r\000s}{subsection.A.8}% 54
\BOOKMARK [3][-]{subsubsection.A.8.3}{\376\377\000E\000x\000t\000e\000n\000d\000e\000d\000\040\000m\000i\000s\000c\000l\000a\000s\000s\000i\000f\000i\000c\000a\000t\000i\000o\000n\000\040\000m\000o\000d\000e\000l}{subsection.A.8}% 55
\BOOKMARK [3][-]{subsubsection.A.8.4}{\376\377\000E\000M\000\040\000a\000l\000g\000o\000r\000i\000t\000h\000m\000\040\000w\000i\000t\000h\000\040\000i\000n\000c\000o\000n\000s\000i\000s\000t\000e\000n\000c\000y\000\040\000i\000n\000d\000i\000c\000a\000t\000o\000r\000s}{subsection.A.8}% 56
\BOOKMARK [1][-]{section.B}{\376\377\000A\000R\000\050\0002\000\051\000\040\000e\000x\000t\000e\000n\000s\000i\000o\000n\000:\000\040\000f\000u\000l\000l\000\040\000d\000e\000r\000i\000v\000a\000t\000i\000o\000n}{}% 57
\BOOKMARK [2][-]{subsection.B.1}{\376\377\000M\000o\000t\000i\000v\000a\000t\000i\000o\000n}{section.B}% 58
\BOOKMARK [2][-]{subsection.B.2}{\376\377\000M\000o\000d\000e\000l}{section.B}% 59
\BOOKMARK [3][-]{subsubsection.B.2.1}{\376\377\000S\000t\000a\000t\000e\000s\000\040\000a\000n\000d\000\040\000n\000o\000t\000a\000t\000i\000o\000n}{subsection.B.2}% 60
\BOOKMARK [3][-]{subsubsection.B.2.2}{\376\377\000T\000r\000u\000e\000\040\000d\000y\000n\000a\000m\000i\000c\000s\000:\000\040\000s\000e\000c\000o\000n\000d\000-\000o\000r\000d\000e\000r\000\040\000M\000a\000r\000k\000o\000v\000\040\000c\000h\000a\000i\000n}{subsection.B.2}% 61
\BOOKMARK [3][-]{subsubsection.B.2.3}{\376\377\000S\000t\000a\000t\000i\000o\000n\000a\000r\000y\000\040\000d\000i\000s\000t\000r\000i\000b\000u\000t\000i\000o\000n}{subsection.B.2}% 62
\BOOKMARK [3][-]{subsubsection.B.2.4}{\376\377\000P\000r\000i\000o\000r\000\040\000p\000r\000o\000b\000a\000b\000i\000l\000i\000t\000y\000\040\000o\000f\000\040\000a\000\040\000l\000a\000t\000e\000n\000t\000\040\000h\000i\000s\000t\000o\000r\000y}{subsection.B.2}% 63
\BOOKMARK [3][-]{subsubsection.B.2.5}{\376\377\000O\000b\000s\000e\000r\000v\000e\000d\000-\000d\000a\000t\000a\000\040\000l\000i\000k\000e\000l\000i\000h\000o\000o\000d}{subsection.B.2}% 64
\BOOKMARK [2][-]{subsection.B.3}{\376\377\000E\000M\000\040\000a\000l\000g\000o\000r\000i\000t\000h\000m}{section.B}% 65
\BOOKMARK [3][-]{subsubsection.B.3.1}{\376\377\000E\000-\000s\000t\000e\000p\000:\000\040\000r\000e\000s\000p\000o\000n\000s\000i\000b\000i\000l\000i\000t\000i\000e\000s}{subsection.B.3}% 66
\BOOKMARK [3][-]{subsubsection.B.3.2}{\376\377\000M\000-\000s\000t\000e\000p\000:\000\040\000p\000a\000r\000a\000m\000e\000t\000e\000r\000\040\000u\000p\000d\000a\000t\000e\000s}{subsection.B.3}% 67
\BOOKMARK [3][-]{subsubsection.B.3.3}{\376\377\000I\000t\000e\000r\000a\000t\000i\000o\000n\000\040\000a\000n\000d\000\040\000c\000o\000n\000v\000e\000r\000g\000e\000n\000c\000e}{subsection.B.3}% 68
\BOOKMARK [3][-]{subsubsection.B.3.4}{\376\377\000T\000e\000s\000t\000i\000n\000g\000\040\000f\000o\000r\000\040\000s\000e\000c\000o\000n\000d\000-\000o\000r\000d\000e\000r\000\040\000d\000e\000p\000e\000n\000d\000e\000n\000c\000e}{subsection.B.3}% 69
\BOOKMARK [2][-]{subsection.B.4}{\376\377\000I\000d\000e\000n\000t\000i\000f\000i\000c\000a\000t\000i\000o\000n}{section.B}% 70
\BOOKMARK [1][-]{section.C}{\376\377\000T\000e\000n\000u\000r\000e\000\040\000c\000o\000n\000t\000a\000m\000i\000n\000a\000t\000i\000o\000n\000\040\000m\000o\000d\000e\000l\000:\000\040\000f\000u\000l\000l\000\040\000d\000e\000r\000i\000v\000a\000t\000i\000o\000n}{}% 71
\BOOKMARK [2][-]{subsection.C.1}{\376\377\000M\000o\000t\000i\000v\000a\000t\000i\000o\000n}{section.C}% 72
\BOOKMARK [2][-]{subsection.C.2}{\376\377\000N\000o\000t\000a\000t\000i\000o\000n\000\040\000a\000n\000d\000\040\000t\000e\000r\000m\000i\000n\000o\000l\000o\000g\000y}{section.C}% 73
\BOOKMARK [2][-]{subsection.C.3}{\376\377\000T\000e\000n\000u\000r\000e\000\040\000m\000e\000a\000s\000u\000r\000e\000m\000e\000n\000t\000\040\000m\000o\000d\000e\000l}{section.C}% 74
\BOOKMARK [3][-]{subsubsection.C.3.1}{\376\377\000S\000p\000e\000l\000l\000-\000l\000e\000n\000g\000t\000h\000\040\000d\000i\000s\000t\000r\000i\000b\000u\000t\000i\000o\000n\000:\000\040\000E\000x\000p\000o\000n\000e\000n\000t\000i\000a\000l}{subsection.C.3}% 75
\BOOKMARK [3][-]{subsubsection.C.3.2}{\376\377\000C\000o\000n\000t\000a\000m\000i\000n\000a\000t\000i\000o\000n\000\040\000m\000o\000d\000e\000l\000:\000\040\000p\000o\000i\000n\000t\000-\000m\000a\000s\000s\000\040\000+\000\040\000E\000x\000p\000o\000n\000e\000n\000t\000i\000a\000l}{subsection.C.3}% 76
\BOOKMARK [3][-]{subsubsection.C.3.3}{\376\377\000L\000a\000t\000e\000n\000t\000\040\000c\000l\000o\000c\000k\000\040\000a\000n\000d\000\040\000s\000p\000e\000l\000l\000-\000p\000a\000i\000r\000\040\000s\000t\000r\000u\000c\000t\000u\000r\000e}{subsection.C.3}% 77
\BOOKMARK [3][-]{subsubsection.C.3.4}{\376\377\000P\000e\000r\000-\000s\000p\000e\000l\000l\000\040\000t\000e\000n\000u\000r\000e\000\040\000e\000m\000i\000s\000s\000i\000o\000n\000\040\000\050\000t\000h\000e\000\040\000k\000e\000y\000\040\000i\000n\000n\000o\000v\000a\000t\000i\000o\000n\000\051}{subsection.C.3}% 78
\BOOKMARK [3][-]{subsubsection.C.3.5}{\376\377\000N\000-\000s\000p\000e\000l\000l\000\040\000t\000i\000m\000e\000g\000a\000p\000\040\000e\000m\000i\000s\000s\000i\000o\000n}{subsection.C.3}% 79
\BOOKMARK [3][-]{subsubsection.C.3.6}{\376\377\000P\000e\000r\000-\000w\000a\000v\000e\000\040\000e\000m\000i\000s\000s\000i\000o\000n\000s\000\040\000f\000o\000r\000\040\000n\000o\000n\000-\000s\000p\000e\000l\000l\000-\000p\000a\000i\000r\000\040\000c\000a\000s\000e\000s}{subsection.C.3}% 80
\BOOKMARK [3][-]{subsubsection.C.3.7}{\376\377\000S\000t\000a\000t\000e\000\040\000m\000i\000s\000c\000l\000a\000s\000s\000i\000f\000i\000c\000a\000t\000i\000o\000n}{subsection.C.3}% 81
\BOOKMARK [3][-]{subsubsection.C.3.8}{\376\377\000O\000b\000s\000e\000r\000v\000e\000d\000-\000d\000a\000t\000a\000\040\000l\000i\000k\000e\000l\000i\000h\000o\000o\000d}{subsection.C.3}% 82
\BOOKMARK [2][-]{subsection.C.4}{\376\377\000E\000M\000\040\000a\000l\000g\000o\000r\000i\000t\000h\000m}{section.C}% 83
\BOOKMARK [3][-]{subsubsection.C.4.1}{\376\377\000C\000o\000m\000p\000l\000e\000t\000e\000-\000d\000a\000t\000a\000\040\000f\000o\000r\000m\000u\000l\000a\000t\000i\000o\000n}{subsection.C.4}% 84
\BOOKMARK [3][-]{subsubsection.C.4.2}{\376\377\000E\000-\000s\000t\000e\000p}{subsection.C.4}% 85
\BOOKMARK [3][-]{subsubsection.C.4.3}{\376\377\000M\000-\000s\000t\000e\000p}{subsection.C.4}% 86
\BOOKMARK [2][-]{subsection.C.5}{\376\377\000I\000d\000e\000n\000t\000i\000f\000i\000c\000a\000t\000i\000o\000n}{section.C}% 87
\BOOKMARK [3][-]{subsubsection.C.5.1}{\376\377\000B\000l\000o\000c\000k\000\040\000s\000e\000p\000a\000r\000a\000t\000i\000o\000n\000\040\000o\000f\000\040\000t\000h\000e\000\040\000c\000o\000m\000p\000l\000e\000t\000e\000-\000d\000a\000t\000a\000\040\000l\000o\000g\000-\000l\000i\000k\000e\000l\000i\000h\000o\000o\000d}{subsection.C.5}% 88
\BOOKMARK [3][-]{subsubsection.C.5.2}{\376\377\000I\000d\000e\000n\000t\000i\000f\000i\000c\000a\000t\000i\000o\000n\000\040\000o\000f\000\040}{subsection.C.5}% 89
\BOOKMARK [3][-]{subsubsection.C.5.3}{\376\377\000I\000d\000e\000n\000t\000i\000f\000i\000c\000a\000t\000i\000o\000n\000\040\000o\000f\000\040\000\040\000\050\000t\000h\000e\000\040\000c\000o\000r\000r\000o\000b\000o\000r\000a\000t\000i\000o\000n\000\040\000c\000h\000a\000n\000n\000e\000l\000\051}{subsection.C.5}% 90
\BOOKMARK [3][-]{subsubsection.C.5.4}{\376\377\000H\000o\000w\000\040\000\040\000a\000f\000f\000e\000c\000t\000s\000\040\000t\000h\000e\000\040\000r\000e\000s\000p\000o\000n\000s\000i\000b\000i\000l\000i\000t\000i\000e\000s}{subsection.C.5}% 91
\BOOKMARK [3][-]{subsubsection.C.5.5}{\376\377\000I\000d\000e\000n\000t\000i\000f\000i\000c\000a\000t\000i\000o\000n\000\040\000o\000f\000\040\000g}{subsection.C.5}% 92
\BOOKMARK [2][-]{subsection.C.6}{\376\377\000C\000o\000m\000p\000a\000r\000i\000s\000o\000n\000\040\000w\000i\000t\000h\000\040\000b\000a\000s\000e\000\040\000E\000M\000\040\000t\000e\000n\000u\000r\000e\000\040\000m\000o\000d\000e\000l}{section.C}% 93
\BOOKMARK [3][-]{subsubsection.C.6.1}{\376\377\000W\000h\000y\000\040\000n\000o\000\040\000d\000\040\000f\000o\000r\000\040\000t\000i\000m\000e\000g\000a\000p}{subsection.C.6}% 94
\BOOKMARK [3][-]{subsubsection.C.6.2}{\376\377\000W\000h\000y\000\040\000n\000o\000\040\000\040\000\050\000f\000u\000l\000l\000\040\000m\000i\000s\000m\000a\000t\000c\000h\000\051}{subsection.C.6}% 95
\BOOKMARK [2][-]{subsection.C.7}{\376\377\000N\000e\000s\000t\000i\000n\000g\000\040\000a\000n\000d\000\040\000t\000e\000s\000t\000s}{section.C}% 96
\BOOKMARK [2][-]{subsection.C.8}{\376\377\000P\000r\000e\000l\000i\000m\000i\000n\000a\000r\000y\000\040\000r\000e\000s\000u\000l\000t\000s}{section.C}% 97
\BOOKMARK [3][-]{subsubsection.C.8.1}{\376\377\000D\000e\000s\000c\000r\000i\000p\000t\000i\000v\000e\000\040\000e\000v\000i\000d\000e\000n\000c\000e\000\040\000f\000r\000o\000m\000\040\000t\000h\000e\000\040\000Q\000L\000F\000S}{subsection.C.8}% 98
\BOOKMARK [3][-]{subsubsection.C.8.2}{\376\377\000E\000s\000t\000i\000m\000a\000t\000i\000o\000n\000\040\000r\000e\000s\000u\000l\000t\000s}{subsection.C.8}% 99
\BOOKMARK [2][-]{subsection.C.9}{\376\377\000S\000u\000m\000m\000a\000r\000y}{section.C}% 100
