This is pdfTeX, Version 3.141592653-2.6-1.40.29 (TeX Live 2026) (preloaded format=pdflatex 2026.5.9)  12 MAY 2026 09:35
entering extended mode
 restricted \write18 enabled.
 %&-line parsing enabled.
**paper.tex
(./paper.tex
LaTeX2e <2025-11-01>
L3 programming layer <2026-03-20>
(/Users/zprinsloo/Library/TinyTeX/texmf-dist/tex/latex/base/article.cls
Document Class: article 2025/01/22 v1.4n Standard LaTeX document class
(/Users/zprinsloo/Library/TinyTeX/texmf-dist/tex/latex/base/size12.clo
File: size12.clo 2025/01/22 v1.4n Standard LaTeX file (size option)
)
\c@part=\count275
\c@section=\count276
\c@subsection=\count277
\c@subsubsection=\count278
\c@paragraph=\count279
\c@subparagraph=\count280
\c@figure=\count281
\c@table=\count282
\abovecaptionskip=\skip49
\belowcaptionskip=\skip50
\bibindent=\dimen150
) (/Users/zprinsloo/Library/TinyTeX/texmf-dist/tex/latex/base/inputenc.sty
Package: inputenc 2024/02/08 v1.3d Input encoding file
\inpenc@prehook=\toks17
\inpenc@posthook=\toks18
) (/Users/zprinsloo/Library/TinyTeX/texmf-dist/tex/latex/base/fontenc.sty
Package: fontenc 2025/07/18 v2.1d Standard LaTeX package
) (/Users/zprinsloo/Library/TinyTeX/texmf-dist/tex/latex/geometry/geometry.sty
Package: geometry 2026/03/07 v6.0 Page Geometry
 (/Users/zprinsloo/Library/TinyTeX/texmf-dist/tex/latex/graphics/keyval.sty
Package: keyval 2022/05/29 v1.15 key=value parser (DPC)
\KV@toks@=\toks19
) (/Users/zprinsloo/Library/TinyTeX/texmf-dist/tex/generic/iftex/ifvtex.sty
Package: ifvtex 2019/10/25 v1.7 ifvtex legacy package. Use iftex instead.
 (/Users/zprinsloo/Library/TinyTeX/texmf-dist/tex/generic/iftex/iftex.sty
Package: iftex 2024/12/12 v1.0g TeX engine tests
))
\Gm@cnth=\count283
\Gm@cntv=\count284
\c@Gm@tempcnt=\count285
\Gm@bindingoffset=\dimen151
\Gm@wd@mp=\dimen152
\Gm@odd@mp=\dimen153
\Gm@even@mp=\dimen154
\Gm@layoutwidth=\dimen155
\Gm@layoutheight=\dimen156
\Gm@layouthoffset=\dimen157
\Gm@layoutvoffset=\dimen158
\Gm@dimlist=\toks20
) (/Users/zprinsloo/Library/TinyTeX/texmf-dist/tex/latex/setspace/setspace.sty
Package: setspace 2022/12/04 v6.7b set line spacing
) (/Users/zprinsloo/Library/TinyTeX/texmf-dist/tex/latex/amsmath/amsmath.sty
Package: amsmath 2025/07/09 v2.17z AMS math features
\@mathmargin=\skip51

For additional information on amsmath, use the `?' option.
(/Users/zprinsloo/Library/TinyTeX/texmf-dist/tex/latex/amsmath/amstext.sty
Package: amstext 2024/11/17 v2.01 AMS text
 (/Users/zprinsloo/Library/TinyTeX/texmf-dist/tex/latex/amsmath/amsgen.sty
File: amsgen.sty 1999/11/30 v2.0 generic functions
\@emptytoks=\toks21
\ex@=\dimen159
)) (/Users/zprinsloo/Library/TinyTeX/texmf-dist/tex/latex/amsmath/amsbsy.sty
Package: amsbsy 1999/11/29 v1.2d Bold Symbols
\pmbraise@=\dimen160
) (/Users/zprinsloo/Library/TinyTeX/texmf-dist/tex/latex/amsmath/amsopn.sty
Package: amsopn 2022/04/08 v2.04 operator names
)
\inf@bad=\count286
LaTeX Info: Redefining \frac on input line 233.
\uproot@=\count287
\leftroot@=\count288
LaTeX Info: Redefining \overline on input line 398.
LaTeX Info: Redefining \colon on input line 409.
\classnum@=\count289
\DOTSCASE@=\count290
LaTeX Info: Redefining \ldots on input line 495.
LaTeX Info: Redefining \dots on input line 498.
LaTeX Info: Redefining \cdots on input line 619.
\Mathstrutbox@=\box53
\strutbox@=\box54
LaTeX Info: Redefining \big on input line 721.
LaTeX Info: Redefining \Big on input line 722.
LaTeX Info: Redefining \bigg on input line 723.
LaTeX Info: Redefining \Bigg on input line 724.
\big@size=\dimen161
LaTeX Font Info:    Redeclaring font encoding OML on input line 742.
LaTeX Font Info:    Redeclaring font encoding OMS on input line 743.
\macc@depth=\count291
LaTeX Info: Redefining \bmod on input line 904.
LaTeX Info: Redefining \pmod on input line 909.
LaTeX Info: Redefining \smash on input line 939.
LaTeX Info: Redefining \relbar on input line 969.
LaTeX Info: Redefining \Relbar on input line 970.
\c@MaxMatrixCols=\count292
\dotsspace@=\muskip17
\c@parentequation=\count293
\dspbrk@lvl=\count294
\tag@help=\toks22
\row@=\count295
\column@=\count296
\maxfields@=\count297
\andhelp@=\toks23
\eqnshift@=\dimen162
\alignsep@=\dimen163
\tagshift@=\dimen164
\tagwidth@=\dimen165
\totwidth@=\dimen166
\lineht@=\dimen167
\@envbody=\toks24
\multlinegap=\skip52
\multlinetaggap=\skip53
\mathdisplay@stack=\toks25
LaTeX Info: Redefining \[ on input line 2950.
LaTeX Info: Redefining \] on input line 2951.
) (/Users/zprinsloo/Library/TinyTeX/texmf-dist/tex/latex/amscls/amsthm.sty
Package: amsthm 2020/05/29 v2.20.6
\thm@style=\toks26
\thm@bodyfont=\toks27
\thm@headfont=\toks28
\thm@notefont=\toks29
\thm@headpunct=\toks30
\thm@preskip=\skip54
\thm@postskip=\skip55
\thm@headsep=\skip56
\dth@everypar=\toks31
) (/Users/zprinsloo/Library/TinyTeX/texmf-dist/tex/latex/amsfonts/amssymb.sty
Package: amssymb 2013/01/14 v3.01 AMS font symbols
 (/Users/zprinsloo/Library/TinyTeX/texmf-dist/tex/latex/amsfonts/amsfonts.sty
Package: amsfonts 2013/01/14 v3.01 Basic AMSFonts support
\symAMSa=\mathgroup4
\symAMSb=\mathgroup5
LaTeX Font Info:    Redeclaring math symbol \hbar on input line 98.
LaTeX Font Info:    Overwriting math alphabet `\mathfrak' in version `bold'
(Font)                  U/euf/m/n --> U/euf/b/n on input line 106.
)) (/Users/zprinsloo/Library/TinyTeX/texmf-dist/tex/latex/booktabs/booktabs.sty
Package: booktabs 2020/01/12 v1.61803398 Publication quality tables
\heavyrulewidth=\dimen168
\lightrulewidth=\dimen169
\cmidrulewidth=\dimen170
\belowrulesep=\dimen171
\belowbottomsep=\dimen172
\aboverulesep=\dimen173
\abovetopsep=\dimen174
\cmidrulesep=\dimen175
\cmidrulekern=\dimen176
\defaultaddspace=\dimen177
\@cmidla=\count298
\@cmidlb=\count299
\@aboverulesep=\dimen178
\@belowrulesep=\dimen179
\@thisruleclass=\count300
\@lastruleclass=\count301
\@thisrulewidth=\dimen180
) (/Users/zprinsloo/Library/TinyTeX/texmf-dist/tex/latex/tools/dcolumn.sty
Package: dcolumn 2025/10/21 v1.06 decimal alignment package (DPC)
 (/Users/zprinsloo/Library/TinyTeX/texmf-dist/tex/latex/tools/array.sty
Package: array 2025/09/25 v2.6n Tabular extension package (FMi)
\col@sep=\dimen181
\ar@mcellbox=\box55
\extrarowheight=\dimen182
\NC@list=\toks32
\extratabsurround=\skip57
\backup@length=\skip58
\ar@cellbox=\box56
)) (/Users/zprinsloo/Library/TinyTeX/texmf-dist/tex/latex/multirow/multirow.sty
Package: multirow 2024/11/12 v2.9 Span multiple rows of a table
\multirow@colwidth=\skip59
\multirow@cntb=\count302
\multirow@dima=\skip60
\bigstrutjot=\dimen183
) (/Users/zprinsloo/Library/TinyTeX/texmf-dist/tex/latex/tools/longtable.sty
Package: longtable 2025-10-13 v4.24 Multi-page Table package (DPC)
\LTleft=\skip61
\LTright=\skip62
\LTpre=\skip63
\LTpost=\skip64
\LTchunksize=\count303
\LTcapwidth=\dimen184
\LT@head=\box57
\LT@firsthead=\box58
\LT@foot=\box59
\LT@lastfoot=\box60
\LT@gbox=\box61
\LT@cols=\count304
\LT@rows=\count305
\c@LT@tables=\count306
\c@LT@chunks=\count307
\LT@p@ftn=\toks33
) (/Users/zprinsloo/Library/TinyTeX/texmf-dist/tex/latex/graphics/lscape.sty
Package: lscape 2020/05/28 v3.02 Landscape Pages (DPC)
 (/Users/zprinsloo/Library/TinyTeX/texmf-dist/tex/latex/graphics/graphics.sty
Package: graphics 2024/08/06 v1.4g Standard LaTeX Graphics (DPC,SPQR)
 (/Users/zprinsloo/Library/TinyTeX/texmf-dist/tex/latex/graphics/trig.sty
Package: trig 2023/12/02 v1.11 sin cos tan (DPC)
) (/Users/zprinsloo/Library/TinyTeX/texmf-dist/tex/latex/graphics-cfg/graphics.cfg
File: graphics.cfg 2016/06/04 v1.11 sample graphics configuration
)
Package graphics Info: Driver file: pdftex.def on input line 106.
 (/Users/zprinsloo/Library/TinyTeX/texmf-dist/tex/latex/graphics-def/pdftex.def
File: pdftex.def 2025/09/29 v1.2d Graphics/color driver for pdftex
))) (/Users/zprinsloo/Library/TinyTeX/texmf-dist/tex/latex/pdflscape/pdflscape.sty
Package: pdflscape 2025-06-23 v0.14 Display of landscape pages in PDF
 (/Users/zprinsloo/Library/TinyTeX/texmf-dist/tex/latex/pdflscape/pdflscape-nometadata.sty
Package: pdflscape-nometadata 2025-06-23 v0.14 Display of landscape pages in PDF (HO)
Package pdflscape Info: Auto-detected driver: pdftex on input line 81.
)) (/Users/zprinsloo/Library/TinyTeX/texmf-dist/tex/latex/float/float.sty
Package: float 2001/11/08 v1.3d Float enhancements (AL)
\c@float@type=\count308
\float@exts=\toks34
\float@box=\box62
\@float@everytoks=\toks35
\@floatcapt=\box63
) (/Users/zprinsloo/Library/TinyTeX/texmf-dist/tex/latex/graphics/graphicx.sty
Package: graphicx 2024/12/31 v1.2e Enhanced LaTeX Graphics (DPC,SPQR)
\Gin@req@height=\dimen185
\Gin@req@width=\dimen186
) (/Users/zprinsloo/Library/TinyTeX/texmf-dist/tex/latex/epstopdf-pkg/epstopdf.sty
Package: epstopdf 2020-01-24 v2.11 Conversion with epstopdf on the fly (HO)
 (/Users/zprinsloo/Library/TinyTeX/texmf-dist/tex/generic/infwarerr/infwarerr.sty
Package: infwarerr 2019/12/03 v1.5 Providing info/warning/error messages (HO)
) (/Users/zprinsloo/Library/TinyTeX/texmf-dist/tex/latex/grfext/grfext.sty
Package: grfext 2019/12/03 v1.3 Manage graphics extensions (HO)
 (/Users/zprinsloo/Library/TinyTeX/texmf-dist/tex/generic/kvdefinekeys/kvdefinekeys.sty
Package: kvdefinekeys 2019-12-19 v1.6 Define keys (HO)
)) (/Users/zprinsloo/Library/TinyTeX/texmf-dist/tex/latex/kvoptions/kvoptions.sty
Package: kvoptions 2022-06-15 v3.15 Key value format for package options (HO)
 (/Users/zprinsloo/Library/TinyTeX/texmf-dist/tex/generic/ltxcmds/ltxcmds.sty
Package: ltxcmds 2023-12-04 v1.26 LaTeX kernel commands for general use (HO)
) (/Users/zprinsloo/Library/TinyTeX/texmf-dist/tex/latex/kvsetkeys/kvsetkeys.sty
Package: kvsetkeys 2022-10-05 v1.19 Key value parser (HO)
)) (/Users/zprinsloo/Library/TinyTeX/texmf-dist/tex/generic/pdftexcmds/pdftexcmds.sty
Package: pdftexcmds 2020-06-27 v0.33 Utility functions of pdfTeX for LuaTeX (HO)
Package pdftexcmds Info: \pdf@primitive is available.
Package pdftexcmds Info: \pdf@ifprimitive is available.
Package pdftexcmds Info: \pdfdraftmode found.
) (/Users/zprinsloo/Library/TinyTeX/texmf-dist/tex/latex/epstopdf-pkg/epstopdf-base.sty
Package: epstopdf-base 2020-01-24 v2.11 Base part for package epstopdf
Package epstopdf-base Info: Redefining graphics rule for `.eps' on input line 485.
Package grfext Info: Graphics extension search list:
(grfext)             [.pdf,.png,.jpg,.mps,.jpeg,.jbig2,.jb2,.PDF,.PNG,.JPG,.JPEG,.JBIG2,.JB2,.eps]
(grfext)             \AppendGraphicsExtensions on input line 504.
 (/Users/zprinsloo/Library/TinyTeX/texmf-dist/tex/latex/latexconfig/epstopdf-sys.cfg
File: epstopdf-sys.cfg 2010/07/13 v1.3 Configuration of (r)epstopdf for TeX Live
))) (/Users/zprinsloo/Library/TinyTeX/texmf-dist/tex/latex/caption/subcaption.sty
Package: subcaption 2023/07/28 v1.6b Sub-captions (AR)
 (/Users/zprinsloo/Library/TinyTeX/texmf-dist/tex/latex/caption/caption.sty
Package: caption 2023/08/05 v3.6o Customizing captions (AR)
 (/Users/zprinsloo/Library/TinyTeX/texmf-dist/tex/latex/caption/caption3.sty
Package: caption3 2023/07/31 v2.4d caption3 kernel (AR)
\caption@tempdima=\dimen187
\captionmargin=\dimen188
\caption@leftmargin=\dimen189
\caption@rightmargin=\dimen190
\caption@width=\dimen191
\caption@indent=\dimen192
\caption@parindent=\dimen193
\caption@hangindent=\dimen194
Package caption Info: Standard document class detected.
)
\c@caption@flags=\count309
\c@continuedfloat=\count310
Package caption Info: float package is loaded.
Package caption Info: longtable package is loaded.
 (/Users/zprinsloo/Library/TinyTeX/texmf-dist/tex/latex/caption/ltcaption.sty
Package: ltcaption 2021/01/08 v1.4c longtable captions (AR)
))
Package caption Info: New subtype `subfigure' on input line 238.
\c@subfigure=\count311
Package caption Info: New subtype `subtable' on input line 238.
\c@subtable=\count312
) (/Users/zprinsloo/Library/TinyTeX/texmf-dist/tex/latex/natbib/natbib.sty
Package: natbib 2010/09/13 8.31b (PWD, AO)
\bibhang=\skip65
\bibsep=\skip66
LaTeX Info: Redefining \cite on input line 694.
\c@NAT@ctr=\count313
) (/Users/zprinsloo/Library/TinyTeX/texmf-dist/tex/latex/hyperref/hyperref.sty
Package: hyperref 2026-04-24 v7.01q Hypertext links for LaTeX
 (/Users/zprinsloo/Library/TinyTeX/texmf-dist/tex/generic/pdfescape/pdfescape.sty
Package: pdfescape 2019/12/09 v1.15 Implements pdfTeX's escape features (HO)
) (/Users/zprinsloo/Library/TinyTeX/texmf-dist/tex/latex/hycolor/hycolor.sty
Package: hycolor 2020-01-27 v1.10 Color options for hyperref/bookmark (HO)
) (/Users/zprinsloo/Library/TinyTeX/texmf-dist/tex/latex/hyperref/nameref.sty
Package: nameref 2026-01-29 v2.58 Cross-referencing by name of section
 (/Users/zprinsloo/Library/TinyTeX/texmf-dist/tex/latex/refcount/refcount.sty
Package: refcount 2019/12/15 v3.6 Data extraction from label references (HO)
) (/Users/zprinsloo/Library/TinyTeX/texmf-dist/tex/generic/gettitlestring/gettitlestring.sty
Package: gettitlestring 2019/12/15 v1.6 Cleanup title references (HO)
)
\c@section@level=\count314
) (/Users/zprinsloo/Library/TinyTeX/texmf-dist/tex/latex/etoolbox/etoolbox.sty
Package: etoolbox 2025/10/02 v2.5m e-TeX tools for LaTeX (JAW)
\etb@tempcnta=\count315
) (/Users/zprinsloo/Library/TinyTeX/texmf-dist/tex/generic/stringenc/stringenc.sty
Package: stringenc 2019/11/29 v1.12 Convert strings between diff. encodings (HO)
)
\@linkdim=\dimen195
\Hy@linkcounter=\count316
\Hy@pagecounter=\count317
 (/Users/zprinsloo/Library/TinyTeX/texmf-dist/tex/latex/hyperref/pd1enc.def
File: pd1enc.def 2026-04-24 v7.01q Hyperref: PDFDocEncoding definition (HO)
Now handling font encoding PD1 ...
... no UTF-8 mapping file for font encoding PD1
) (/Users/zprinsloo/Library/TinyTeX/texmf-dist/tex/generic/intcalc/intcalc.sty
Package: intcalc 2019/12/15 v1.3 Expandable calculations with integers (HO)
)
\Hy@SavedSpaceFactor=\count318
 (/Users/zprinsloo/Library/TinyTeX/texmf-dist/tex/latex/hyperref/puenc.def
File: puenc.def 2026-04-24 v7.01q Hyperref: PDF Unicode definition (HO)
Now handling font encoding PU ...
... no UTF-8 mapping file for font encoding PU
)
Package hyperref Info: Option `final' set `true' on input line 4070.
Package hyperref Info: Hyper figures OFF on input line 4199.
Package hyperref Info: Link nesting OFF on input line 4204.
Package hyperref Info: Hyper index ON on input line 4207.
Package hyperref Info: Plain pages OFF on input line 4214.
Package hyperref Info: Backreferencing OFF on input line 4219.
Package hyperref Info: Implicit mode ON; LaTeX internals redefined.
Package hyperref Info: Bookmarks ON on input line 4466.
\c@Hy@tempcnt=\count319
 (/Users/zprinsloo/Library/TinyTeX/texmf-dist/tex/latex/url/url.sty
\Urlmuskip=\muskip18
Package: url 2013/09/16  ver 3.4  Verb mode for urls, etc.
)
LaTeX Info: Redefining \url on input line 4805.
\XeTeXLinkMargin=\dimen196
 (/Users/zprinsloo/Library/TinyTeX/texmf-dist/tex/generic/bitset/bitset.sty
Package: bitset 2019/12/09 v1.3 Handle bit-vector datatype (HO)
 (/Users/zprinsloo/Library/TinyTeX/texmf-dist/tex/generic/bigintcalc/bigintcalc.sty
Package: bigintcalc 2019/12/15 v1.5 Expandable calculations on big integers (HO)
))
\Fld@menulength=\count320
\Field@Width=\dimen197
\Fld@charsize=\dimen198
Package hyperref Info: Hyper figures OFF on input line 6091.
Package hyperref Info: Link nesting OFF on input line 6096.
Package hyperref Info: Hyper index ON on input line 6099.
Package hyperref Info: backreferencing OFF on input line 6106.
Package hyperref Info: Link coloring OFF on input line 6111.
Package hyperref Info: Link coloring with OCG OFF on input line 6116.
Package hyperref Info: PDF/A mode OFF on input line 6121.
\Hy@abspage=\count321
\c@Item=\count322
\c@Hfootnote=\count323
)
Package hyperref Info: Driver (autodetected): hpdftex.
 (/Users/zprinsloo/Library/TinyTeX/texmf-dist/tex/latex/hyperref/hpdftex.def
File: hpdftex.def 2026-04-24 v7.01q Hyperref driver for pdfTeX
\Fld@listcount=\count324
\c@bookmark@seq@number=\count325
 (/Users/zprinsloo/Library/TinyTeX/texmf-dist/tex/latex/rerunfilecheck/rerunfilecheck.sty
Package: rerunfilecheck 2025-06-21 v1.11 Rerun checks for auxiliary files (HO)
 (/Users/zprinsloo/Library/TinyTeX/texmf-dist/tex/generic/uniquecounter/uniquecounter.sty
Package: uniquecounter 2019/12/15 v1.4 Provide unlimited unique counter (HO)
)
Package uniquecounter Info: New unique counter `rerunfilecheck' on input line 284.
)
\Hy@SectionHShift=\skip67
)
Package hyperref Info: Option `colorlinks' set `true' on input line 45.
 (/Users/zprinsloo/Library/TinyTeX/texmf-dist/tex/latex/xcolor/xcolor.sty
Package: xcolor 2024/09/29 v3.02 LaTeX color extensions (UK)
 (/Users/zprinsloo/Library/TinyTeX/texmf-dist/tex/latex/graphics-cfg/color.cfg
File: color.cfg 2016/01/02 v1.6 sample color configuration
)
Package xcolor Info: Driver file: pdftex.def on input line 274.
 (/Users/zprinsloo/Library/TinyTeX/texmf-dist/tex/latex/graphics/mathcolor.ltx)
Package xcolor Info: Model `cmy' substituted by `cmy0' on input line 1349.
Package xcolor Info: Model `hsb' substituted by `rgb' on input line 1353.
Package xcolor Info: Model `RGB' extended on input line 1365.
Package xcolor Info: Model `HTML' substituted by `rgb' on input line 1367.
Package xcolor Info: Model `Hsb' substituted by `hsb' on input line 1368.
Package xcolor Info: Model `tHsb' substituted by `hsb' on input line 1369.
Package xcolor Info: Model `HSB' substituted by `hsb' on input line 1370.
Package xcolor Info: Model `Gray' substituted by `gray' on input line 1371.
Package xcolor Info: Model `wave' substituted by `hsb' on input line 1372.
) (/Users/zprinsloo/Library/TinyTeX/texmf-dist/tex/latex/threeparttable/threeparttable.sty
Package: threeparttable 2003/06/13  v 3.0
\@tempboxb=\box64
) (/Users/zprinsloo/Library/TinyTeX/texmf-dist/tex/latex/appendix/appendix.sty
Package: appendix 2020/02/08 v1.2c extra appendix facilities
\c@@pps=\count326
\c@@ppsavesec=\count327
\c@@ppsaveapp=\count328
) (/Users/zprinsloo/Library/TinyTeX/texmf-dist/tex/latex/graphics/rotating.sty
Package: rotating 2025/01/14 v2.16e rotated objects in LaTeX
 (/Users/zprinsloo/Library/TinyTeX/texmf-dist/tex/latex/base/ifthen.sty
Package: ifthen 2024/03/16 v1.1e Standard LaTeX ifthen package (DPC)
)
\c@r@tfl@t=\count329
\rotFPtop=\skip68
\rotFPbot=\skip69
\rot@float@box=\box65
\rot@mess@toks=\toks36
) (/Users/zprinsloo/Library/TinyTeX/texmf-dist/tex/latex/l3backend/l3backend-pdftex.def
File: l3backend-pdftex.def 2026-02-18 L3 backend support: PDF output (pdfTeX)
\l__color_backend_stack_int=\count330
) (./paper.aux

LaTeX Warning: Label `eq:mstep_pi' multiply defined.

)
\openout1 = `paper.aux'.

LaTeX Font Info:    Checking defaults for OML/cmm/m/it on input line 94.
LaTeX Font Info:    ... okay on input line 94.
LaTeX Font Info:    Checking defaults for OMS/cmsy/m/n on input line 94.
LaTeX Font Info:    ... okay on input line 94.
LaTeX Font Info:    Checking defaults for OT1/cmr/m/n on input line 94.
LaTeX Font Info:    ... okay on input line 94.
LaTeX Font Info:    Checking defaults for T1/cmr/m/n on input line 94.
LaTeX Font Info:    ... okay on input line 94.
LaTeX Font Info:    Checking defaults for TS1/cmr/m/n on input line 94.
LaTeX Font Info:    ... okay on input line 94.
LaTeX Font Info:    Checking defaults for OMX/cmex/m/n on input line 94.
LaTeX Font Info:    ... okay on input line 94.
LaTeX Font Info:    Checking defaults for U/cmr/m/n on input line 94.
LaTeX Font Info:    ... okay on input line 94.
LaTeX Font Info:    Checking defaults for PD1/pdf/m/n on input line 94.
LaTeX Font Info:    ... okay on input line 94.
LaTeX Font Info:    Checking defaults for PU/pdf/m/n on input line 94.
LaTeX Font Info:    ... okay on input line 94.

*geometry* driver: auto-detecting
*geometry* detected driver: pdftex
*geometry* verbose mode - [ preamble ] result:
* driver: pdftex
* paper: letterpaper
* layout: <same size as paper>
* layoutoffset:(h,v)=(0.0pt,0.0pt)
* modes: 
* h-part:(L,W,R)=(101.17755pt, 411.9399pt, 101.17755pt)
* v-part:(T,H,B)=(101.17755pt, 592.61488pt, 101.17755pt)
* \paperwidth=614.295pt
* \paperheight=794.96999pt
* \textwidth=411.9399pt
* \textheight=592.61488pt
* \oddsidemargin=28.90756pt
* \evensidemargin=28.90756pt
* \topmargin=-8.09244pt
* \headheight=12.0pt
* \headsep=25.0pt
* \topskip=12.0pt
* \footskip=30.0pt
* \marginparwidth=44.0pt
* \marginparsep=10.0pt
* \columnsep=10.0pt
* \skip\footins=10.8pt plus 4.0pt minus 2.0pt
* \hoffset=0.0pt
* \voffset=0.0pt
* \mag=1000
* \@twocolumnfalse
* \@twosidefalse
* \@mparswitchfalse
* \@reversemarginfalse
* (1in=72.27pt=25.4mm, 1cm=28.453pt)

Package caption Info: Begin \AtBeginDocument code.
Package caption Info: hyperref package is loaded.
Package caption Info: rotating package is loaded.
Package caption Info: threeparttable package is loaded.
Package caption Info: End \AtBeginDocument code.
Package hyperref Info: Link coloring ON on input line 94.
(./paper.out) (./paper.out)
\@outlinefile=\write3
\openout3 = `paper.out'.

LaTeX Font Info:    Trying to load font information for U+msa on input line 98.
 (/Users/zprinsloo/Library/TinyTeX/texmf-dist/tex/latex/amsfonts/umsa.fd
File: umsa.fd 2013/01/14 v3.01 AMS symbols A
)
LaTeX Font Info:    Trying to load font information for U+msb on input line 98.
 (/Users/zprinsloo/Library/TinyTeX/texmf-dist/tex/latex/amsfonts/umsb.fd
File: umsb.fd 2013/01/14 v3.01 AMS symbols B
) [1

{/Users/zprinsloo/Library/TinyTeX/texmf-var/fonts/map/pdftex/updmap/pdftex.map}] [2]
Overfull \hbox (2.0006pt too wide) in paragraph at lines 151--153
\T1/cmr/bx/n/10.95 Keywords: \T1/cmr/m/n/10.95 Mis-clas-si-fi-ca-tion er-ror, em-ploy-ment tran-si-tions, EM al-go-rithm,
 []

[3] (./paper.toc [4] [5] [6] [7])
\tf@toc=\write4
\openout4 = `paper.toc'.

 [8] (./sections/introduction.tex [9] [10] [11] [12]) [13] (./sections/data.tex [14] [15] [16]) [17] (./output/table_descriptive.tex) (./output/table_tenure_diagnostics.tex
Overfull \hbox (18.78679pt too wide) in paragraph at lines 9--33
 [] 
 []

) (./sections/methodology.tex [18] [19] [20] [21]
Overfull \hbox (1.45354pt too wide) in paragraph at lines 85--89
\T1/cmr/m/n/12 The EM al-go-rithm max-imises the complete-data log-likelihood---the log-likelihood
 []


Overfull \hbox (25.48566pt too wide) in paragraph at lines 109--118
\T1/cmr/m/n/12 The M-step up-dates []--[] have a trans-par-ent in-ter-pre-ta-tion: $\OML/cmm/m/it/12 ^^R[]$ \T1/cmr/m/n/12 is the responsibility-
 []

[22] [23] [24]
Overfull \hbox (3.25163pt too wide) in paragraph at lines 220--224
\T1/cmr/m/n/12 The base-line model and its ex-ten-sions above iden-tify mis-clas-si-fi-ca-tion from Markov
 []


Overfull \hbox (14.0242pt too wide) in paragraph at lines 220--224
\T1/cmr/m/n/12 pro-vides an in-de-pen-dent iden-ti-fi-ca-tion chan-nel us-ing job tenure and non-employment
 []

[25]) (./sections/results.tex [26] [27] [28] [29]) (../EM-baseline/output/tables/table_baseline_implied.tex
! Extra alignment tab has been changed to \cr.
<recently read> \endtemplate 
                             
l.14  &
        (0.05) & (0.04) & (0.04) & (0.06) & (0.04) & (0.05)
You have given more \span or & marks than there were
in the preamble to the \halign or \valign now in progress.
So I'll assume that you meant to type \cr instead.

! Extra alignment tab has been changed to \cr.
<recently read> \endtemplate 
                             
l.17  &
        (0.05) & (0.05) & (0.04) & (0.06) & (0.04) & (0.05)
You have given more \span or & marks than there were
in the preamble to the \halign or \valign now in progress.
So I'll assume that you meant to type \cr instead.

! Extra alignment tab has been changed to \cr.
<recently read> \endtemplate 
                             
l.20  &
        (0.21) & (0.18) & (0.27) & (0.53) & (0.26) & (0.52)
You have given more \span or & marks than there were
in the preamble to the \halign or \valign now in progress.
So I'll assume that you meant to type \cr instead.

! Extra alignment tab has been changed to \cr.
<recently read> \endtemplate 
                             
l.23  &
        (---) & (---) & (0.03) & (0.03) & (---) & (---)
You have given more \span or & marks than there were
in the preamble to the \halign or \valign now in progress.
So I'll assume that you meant to type \cr instead.

! Extra alignment tab has been changed to \cr.
<recently read> \endtemplate 
                             
l.26  &
        (---) & (---) & (---) & (---) & (0.04) & (0.04)
You have given more \span or & marks than there were
in the preamble to the \halign or \valign now in progress.
So I'll assume that you meant to type \cr instead.

! Extra alignment tab has been changed to \cr.
<recently read> \endtemplate 
                             
l.29  &
        (---) & (---) & (---) & (---) & (0.04) & (0.04)
You have given more \span or & marks than there were
in the preamble to the \halign or \valign now in progress.
So I'll assume that you meant to type \cr instead.


Overfull \hbox (336.11655pt too wide) in paragraph at lines 5--36
 [][] 
 []

) (../EM-baseline/output/tables/table_baseline_params.tex
! Extra alignment tab has been changed to \cr.
<recently read> \endtemplate 
                             
l.15  &
        (0.0005) & (0.0004) & (0.0004) & (0.0006) & (0.0004) & (0.0005)
You have given more \span or & marks than there were
in the preamble to the \halign or \valign now in progress.
So I'll assume that you meant to type \cr instead.

! Extra alignment tab has been changed to \cr.
<recently read> \endtemplate 
                             
l.18  &
        (0.0005) & (0.0005) & (0.0004) & (0.0006) & (0.0004) & (0.0005)
You have given more \span or & marks than there were
in the preamble to the \halign or \valign now in progress.
So I'll assume that you meant to type \cr instead.

! Extra alignment tab has been changed to \cr.
<recently read> \endtemplate 
                             
l.21  &
        (0.0021) & (0.0009) & (0.0027) & (0.0009) & (0.0026) & (0.0011)
You have given more \span or & marks than there were
in the preamble to the \halign or \valign now in progress.
So I'll assume that you meant to type \cr instead.

! Extra alignment tab has been changed to \cr.
<recently read> \endtemplate 
                             
l.25  &
        (---) & (---) & (0.0003) & (0.0003) & (---) & (---)
You have given more \span or & marks than there were
in the preamble to the \halign or \valign now in progress.
So I'll assume that you meant to type \cr instead.

! Extra alignment tab has been changed to \cr.
<recently read> \endtemplate 
                             
l.28  &
        (---) & (---) & (---) & (---) & (0.0004) & (0.0004)
You have given more \span or & marks than there were
in the preamble to the \halign or \valign now in progress.
So I'll assume that you meant to type \cr instead.

! Extra alignment tab has been changed to \cr.
<recently read> \endtemplate 
                             
l.31  &
        (---) & (---) & (---) & (---) & (0.0004) & (0.0004)
You have given more \span or & marks than there were
in the preamble to the \halign or \valign now in progress.
So I'll assume that you meant to type \cr instead.


Overfull \hbox (15.9132pt too wide) in paragraph at lines 5--40
 [][] 
 []

) (../EM-baseline-ext/output/tables/table_cov_implied_stat.tex
! Extra alignment tab has been changed to \cr.
<recently read> \endtemplate 
                             
l.14  &
        (0.05) & (0.05) & (0.18) & (0.04) & (0.04) & (0.30)
You have given more \span or & marks than there were
in the preamble to the \halign or \valign now in progress.
So I'll assume that you meant to type \cr instead.

! Extra alignment tab has been changed to \cr.
<recently read> \endtemplate 
                             
l.17  &
        (0.07) & (0.07) & (0.10) & (0.06) & (0.06) & (0.17)
You have given more \span or & marks than there were
in the preamble to the \halign or \valign now in progress.
So I'll assume that you meant to type \cr instead.

! Extra alignment tab has been changed to \cr.
<recently read> \endtemplate 
                             
l.20  &
        (0.16) & (0.15) & (0.16) & (0.24) & (0.20) & (0.20)
You have given more \span or & marks than there were
in the preamble to the \halign or \valign now in progress.
So I'll assume that you meant to type \cr instead.

! Extra alignment tab has been changed to \cr.
<recently read> \endtemplate 
                             
l.23  &
        (---) & (---) & (---) & (0.02) & (0.02) & (0.04)
You have given more \span or & marks than there were
in the preamble to the \halign or \valign now in progress.
So I'll assume that you meant to type \cr instead.


Overfull \hbox (89.46992pt too wide) in paragraph at lines 5--39
 [][] 
 []

) (../EM-baseline-ext/output/tables/table_fmm.tex
! Extra alignment tab has been changed to \cr.
<recently read> \endtemplate 
                             
l.15  &
        (0.00) & (0.64) & (1.23) & (0.15)
You have given more \span or & marks than there were
in the preamble to the \halign or \valign now in progress.
So I'll assume that you meant to type \cr instead.

! Extra alignment tab has been changed to \cr.
<recently read> \endtemplate 
                             
l.18  &
        (0.07) & (0.05) & (0.67) & (0.04)
You have given more \span or & marks than there were
in the preamble to the \halign or \valign now in progress.
So I'll assume that you meant to type \cr instead.

! Extra alignment tab has been changed to \cr.
<recently read> \endtemplate 
                             
l.21  &
        (0.07) & (0.13) & (8.47) & (0.61)
You have given more \span or & marks than there were
in the preamble to the \halign or \valign now in progress.
So I'll assume that you meant to type \cr instead.

! Extra alignment tab has been changed to \cr.
<recently read> \endtemplate 
                             
l.25  &
        (0.09) & (0.04) & (0.36) & (0.09)
You have given more \span or & marks than there were
in the preamble to the \halign or \valign now in progress.
So I'll assume that you meant to type \cr instead.

! Extra alignment tab has been changed to \cr.
<recently read> \endtemplate 
                             
l.28  &
        (2.24) & (0.61) & (1.17) & (2.42)
You have given more \span or & marks than there were
in the preamble to the \halign or \valign now in progress.
So I'll assume that you meant to type \cr instead.

! Extra alignment tab has been changed to \cr.
<recently read> \endtemplate 
                             
l.31  &
        (0.60) & (0.05) & (10.04) & (0.54)
You have given more \span or & marks than there were
in the preamble to the \halign or \valign now in progress.
So I'll assume that you meant to type \cr instead.

! Extra alignment tab has been changed to \cr.
<recently read> \endtemplate 
                             
l.35  &
        (0.37) & (0.10) & (20.52) & (0.60)
You have given more \span or & marks than there were
in the preamble to the \halign or \valign now in progress.
So I'll assume that you meant to type \cr instead.

! Extra alignment tab has been changed to \cr.
<recently read> \endtemplate 
                             
l.38  &
        (0.31) & (0.31) & (0.47) & (0.09)
You have given more \span or & marks than there were
in the preamble to the \halign or \valign now in progress.
So I'll assume that you meant to type \cr instead.

! Extra alignment tab has been changed to \cr.
<recently read> \endtemplate 
                             
l.41  &
        (1.15) & (0.31) & (0.46) & (0.69)
You have given more \span or & marks than there were
in the preamble to the \halign or \valign now in progress.
So I'll assume that you meant to type \cr instead.

! Extra alignment tab has been changed to \cr.
<recently read> \endtemplate 
                             
l.44  &
        (---) & (---) & (0.03) & (0.03)
You have given more \span or & marks than there were
in the preamble to the \halign or \valign now in progress.
So I'll assume that you meant to type \cr instead.


Overfull \hbox (252.66844pt too wide) in paragraph at lines 5--53
 [][] 
 []

) (../EM-baseline-ext/output/tables/table_inconsistency.tex
! Extra alignment tab has been changed to \cr.
<recently read> \endtemplate 
                             
l.13  &
        (0.04) & (0.05)
You have given more \span or & marks than there were
in the preamble to the \halign or \valign now in progress.
So I'll assume that you meant to type \cr instead.

! Extra alignment tab has been changed to \cr.
<recently read> \endtemplate 
                             
l.16  &
        (0.05) & (0.05)
You have given more \span or & marks than there were
in the preamble to the \halign or \valign now in progress.
So I'll assume that you meant to type \cr instead.

! Extra alignment tab has been changed to \cr.
<recently read> \endtemplate 
                             
l.19  &
        (0.29) & (0.65)
You have given more \span or & marks than there were
in the preamble to the \halign or \valign now in progress.
So I'll assume that you meant to type \cr instead.

! Extra alignment tab has been changed to \cr.
<recently read> \endtemplate 
                             
l.23  &
        (0.03) & (0.03)
You have given more \span or & marks than there were
in the preamble to the \halign or \valign now in progress.
So I'll assume that you meant to type \cr instead.

! Extra alignment tab has been changed to \cr.
<recently read> \endtemplate 
                             
l.26  &
        (0.25) & (0.27)
You have given more \span or & marks than there were
in the preamble to the \halign or \valign now in progress.
So I'll assume that you meant to type \cr instead.

! Extra alignment tab has been changed to \cr.
<recently read> \endtemplate 
                             
l.29  &
        (0.11) & (0.11)
You have given more \span or & marks than there were
in the preamble to the \halign or \valign now in progress.
So I'll assume that you meant to type \cr instead.

! Extra alignment tab has been changed to \cr.
<recently read> \endtemplate 
                             
l.32  &
        (0.03) & (0.03)
You have given more \span or & marks than there were
in the preamble to the \halign or \valign now in progress.
So I'll assume that you meant to type \cr instead.


Overfull \hbox (145.03969pt too wide) in paragraph at lines 5--41
 [][] 
 []

) (./sections/alternatives.tex [30] [31] [32] [33] [34] [35]
Overfull \hbox (28.72066pt too wide) in paragraph at lines 66--75
\T1/cmr/m/n/12 ment spell length is ap-prox-i-mately 5.85 years (70.2 months), with $\OML/cmm/m/it/12 P\OT1/cmr/m/n/12 ([]) =
 []

[36] [37]) (../EM-AR2/output/tables/table_AR2_implied.tex
Overfull \hbox (187.61407pt too wide) in paragraph at lines 5--34
 [][] 
 []

) (../EM-AR2/output/tables/table_AR2_params.tex
Overfull \hbox (187.61407pt too wide) in paragraph at lines 5--30
 [][] 
 []

) (../EM-tenure/output/tables/table_eps_implied.tex
! Extra alignment tab has been changed to \cr.
<recently read> \endtemplate 
                             
l.15  &
        (0.06) & (0.06) & (0.01) & (0.00)
You have given more \span or & marks than there were
in the preamble to the \halign or \valign now in progress.
So I'll assume that you meant to type \cr instead.

! Extra alignment tab has been changed to \cr.
<recently read> \endtemplate 
                             
l.18  &
        (0.05) & (0.04) & (0.01) & (0.01)
You have given more \span or & marks than there were
in the preamble to the \halign or \valign now in progress.
So I'll assume that you meant to type \cr instead.

! Extra alignment tab has been changed to \cr.
<recently read> \endtemplate 
                             
l.21  &
        (0.21) & (0.10) & (0.10) & (0.03)
You have given more \span or & marks than there were
in the preamble to the \halign or \valign now in progress.
So I'll assume that you meant to type \cr instead.

! Extra alignment tab has been changed to \cr.
<recently read> \endtemplate 
                             
l.25  &
        (0.04) & (0.04) & (0.05) & (0.05)
You have given more \span or & marks than there were
in the preamble to the \halign or \valign now in progress.
So I'll assume that you meant to type \cr instead.

! Extra alignment tab has been changed to \cr.
<recently read> \endtemplate 
                             
l.28  &
        (0.09) & (0.07) & (0.08) & (0.07)
You have given more \span or & marks than there were
in the preamble to the \halign or \valign now in progress.
So I'll assume that you meant to type \cr instead.


Overfull \hbox (105.66042pt too wide) in paragraph at lines 5--35
 [][] 
 []

) (../EM-tenure/output/tables/table_eps_params.tex
! Extra alignment tab has been changed to \cr.
<recently read> \endtemplate 
                             
l.15  &
        (0.0006) & (0.0006) & (0.0001) & (0.0000)
You have given more \span or & marks than there were
in the preamble to the \halign or \valign now in progress.
So I'll assume that you meant to type \cr instead.

! Extra alignment tab has been changed to \cr.
<recently read> \endtemplate 
                             
l.18  &
        (0.0005) & (0.0004) & (0.0001) & (0.0001)
You have given more \span or & marks than there were
in the preamble to the \halign or \valign now in progress.
So I'll assume that you meant to type \cr instead.

! Extra alignment tab has been changed to \cr.
<recently read> \endtemplate 
                             
l.21  &
        (0.0009) &  & (0.0010) &
You have given more \span or & marks than there were
in the preamble to the \halign or \valign now in progress.
So I'll assume that you meant to type \cr instead.

! Extra alignment tab has been changed to \cr.
<recently read> \endtemplate 
                             
l.25  &
        (0.0004) & (0.0004) & (0.0005) & (0.0005)
You have given more \span or & marks than there were
in the preamble to the \halign or \valign now in progress.
So I'll assume that you meant to type \cr instead.

! Extra alignment tab has been changed to \cr.
<recently read> \endtemplate 
                             
l.28  &
        (0.0009) & (0.0007) & (0.0008) & (0.0007)
You have given more \span or & marks than there were
in the preamble to the \halign or \valign now in progress.
So I'll assume that you meant to type \cr instead.

! Extra alignment tab has been changed to \cr.
<recently read> \endtemplate 
                             
l.32  &
        (0.0005) & (0.0004) &  &
You have given more \span or & marks than there were
in the preamble to the \halign or \valign now in progress.
So I'll assume that you meant to type \cr instead.

! Extra alignment tab has been changed to \cr.
<recently read> \endtemplate 
                             
l.35  &
        (0.0005) & (0.0004) &  &
You have given more \span or & marks than there were
in the preamble to the \halign or \valign now in progress.
So I'll assume that you meant to type \cr instead.


Overfull \hbox (27.20782pt too wide) in paragraph at lines 5--44
 [][] 
 []

) (../EM-tenure/output/tables/table_eps_tenure.tex
! Extra alignment tab has been changed to \cr.
<recently read> \endtemplate 
                             
l.15  &
        (0.02) & (0.01) & (0.02) & (0.01)
You have given more \span or & marks than there were
in the preamble to the \halign or \valign now in progress.
So I'll assume that you meant to type \cr instead.

! Extra alignment tab has been changed to \cr.
<recently read> \endtemplate 
                             
l.18  &
        (0.2) & (0.2) & (0.2) & (0.1)
You have given more \span or & marks than there were
in the preamble to the \halign or \valign now in progress.
So I'll assume that you meant to type \cr instead.

! Extra alignment tab has been changed to \cr.
<recently read> \endtemplate 
                             
l.21  &
        (0.1) & (0.1) & (0.1) & (0.1)
You have given more \span or & marks than there were
in the preamble to the \halign or \valign now in progress.
So I'll assume that you meant to type \cr instead.

! Extra alignment tab has been changed to \cr.
<recently read> \endtemplate 
                             
l.25  &
        (0.02) & (0.02) & (0.02) & (0.01)
You have given more \span or & marks than there were
in the preamble to the \halign or \valign now in progress.
So I'll assume that you meant to type \cr instead.

! Extra alignment tab has been changed to \cr.
<recently read> \endtemplate 
                             
l.28  &
        (0.2) & (0.2) & (0.2) & (0.1)
You have given more \span or & marks than there were
in the preamble to the \halign or \valign now in progress.
So I'll assume that you meant to type \cr instead.

! Extra alignment tab has been changed to \cr.
<recently read> \endtemplate 
                             
l.32  &
        (0.09) & (0.07) & (0.08) & (0.07)
You have given more \span or & marks than there were
in the preamble to the \halign or \valign now in progress.
So I'll assume that you meant to type \cr instead.

! Extra alignment tab has been changed to \cr.
<recently read> \endtemplate 
                             
l.35  &
        (0.14) & (0.10) & (0.12) & (0.10)
You have given more \span or & marks than there were
in the preamble to the \halign or \valign now in progress.
So I'll assume that you meant to type \cr instead.

! Extra alignment tab has been changed to \cr.
<recently read> \endtemplate 
                             
l.38  &
        (0.16) & (0.12) & (0.14) & (0.11)
You have given more \span or & marks than there were
in the preamble to the \halign or \valign now in progress.
So I'll assume that you meant to type \cr instead.

! Extra alignment tab has been changed to \cr.
<recently read> \endtemplate 
                             
l.41  &
        (0.9) & (0.7) & (0.8) & (0.7)
You have given more \span or & marks than there were
in the preamble to the \halign or \valign now in progress.
So I'll assume that you meant to type \cr instead.


Overfull \hbox (371.25076pt too wide) in paragraph at lines 5--48
 [][] 
 []

) (../EM-baseline/output/tables/table_matching_implied.tex) (./sections/conclusion.tex [38] [39] [40] [41] [42] [43] [44]) [45] [46] (./paper.bbl [47

]) [48] (./sections/appendix_baseline.tex [49

]
Overfull \hbox (139.41988pt too wide) detected at line 61
[][][]\OML/cmm/m/it/12 p\OT1/cmr/m/n/12 (\OML/cmm/m/it/12 H \OT1/cmr/m/n/12 = \OML/cmm/m/it/12 h \OMS/cmsy/m/n/12 j \OML/cmm/m/it/12 ^^R[]; ^^R[]\OT1/cmr/m/n/12 ) = \OML/cmm/m/it/12 []\OT1/cmr/m/n/12 (1 \OMS/cmsy/m/n/12 ^^@ \OML/cmm/m/it/12 \OT1/cmr/m/n/12 )[] [] []\OML/cmm/m/it/12 ^^R[] \OT1/cmr/m/n/12 (1 \OMS/cmsy/m/n/12 ^^@ \OML/cmm/m/it/12 ^^R[]\OT1/cmr/m/n/12 )[] \OML/cmm/m/it/12 ^^R[] \OT1/cmr/m/n/12 (1 \OMS/cmsy/m/n/12 ^^@ \OML/cmm/m/it/12 ^^R[]\OT1/cmr/m/n/12 )[][]\OML/cmm/m/it/12 ;
 []

[50] [51]
Overfull \hbox (15.63199pt too wide) in paragraph at lines 183--184
 []\T1/cmr/bx/n/12 Sufficient statis-tics.[] \T1/cmr/m/n/12 From the re-spon-si-bil-i-ties, ac-cu-mu-late the fol-low-ing weighted
 []


Overfull \hbox (43.08693pt too wide) detected at line 201
[]
 []

[52] [53] [54] [55] [56] [57]
Overfull \hbox (33.8856pt too wide) in paragraph at lines 431--442
\T1/cmr/m/n/12 ments. Generic iden-ti-fi-ca-tion re-quires the Ja-co-bian of the map $\OT1/cmr/m/n/12 ^^B \OMS/cmsy/m/n/12 7! f\OML/cmm/m/it/12 p[]\OT1/cmr/m/n/12 (^^B)\OMS/cmsy/m/n/12 g[]$
 []

[58] [59]
Overfull \hbox (74.62611pt too wide) detected at line 544
[][][]\OML/cmm/m/it/12 ^^R[]\OT1/cmr/m/n/12 (\OML/cmm/m/it/12 x[]\OT1/cmr/m/n/12 ) \OMS/cmsy/m/n/12 ^^Q []\OT1/cmr/m/n/12 (\OML/cmm/m/it/12 h[] \OT1/cmr/m/n/12 = 1 \OMS/cmsy/m/n/12 j \OML/cmm/m/it/12 h[] \OT1/cmr/m/n/12 = 1\OML/cmm/m/it/12 ;  x[]\OT1/cmr/m/n/12 ) = ^^H(\OML/cmm/m/it/12 ^^L[]x[]\OT1/cmr/m/n/12 )\OML/cmm/m/it/12 ;  ^^R[]\OT1/cmr/m/n/12 (\OML/cmm/m/it/12 x[]\OT1/cmr/m/n/12 ) \OMS/cmsy/m/n/12 ^^Q []\OT1/cmr/m/n/12 (\OML/cmm/m/it/12 h[] \OT1/cmr/m/n/12 = 1 \OMS/cmsy/m/n/12 j \OML/cmm/m/it/12 h[] \OT1/cmr/m/n/12 = 0\OML/cmm/m/it/12 ;  x[]\OT1/cmr/m/n/12 ) = ^^H(\OML/cmm/m/it/12 ^^L[]x[]\OT1/cmr/m/n/12 )\OML/cmm/m/it/12 ;
 []


Overfull \hbox (281.17598pt too wide) detected at line 568
\OML/cmm/m/it/12 p\OT1/cmr/m/n/12 (\OML/cmm/m/it/12 H \OT1/cmr/m/n/12 = \OML/cmm/m/it/12 h \OMS/cmsy/m/n/12 j \OML/cmm/m/it/12 ^^L[]; ^^L[]; x[]\OT1/cmr/m/n/12 ) = \OML/cmm/m/it/12 \OT1/cmr/m/n/12 (\OML/cmm/m/it/12 x[]\OT1/cmr/m/n/12 )[](1 \OMS/cmsy/m/n/12 ^^@ \OML/cmm/m/it/12 \OT1/cmr/m/n/12 (\OML/cmm/m/it/12 x[]\OT1/cmr/m/n/12 ))[] [] []\OML/cmm/m/it/12 ^^R[]\OT1/cmr/m/n/12 (\OML/cmm/m/it/12 x[]\OT1/cmr/m/n/12 )[] (1 \OMS/cmsy/m/n/12 ^^@ \OML/cmm/m/it/12 ^^R[]\OT1/cmr/m/n/12 (\OML/cmm/m/it/12 x[]\OT1/cmr/m/n/12 ))[] \OML/cmm/m/it/12 ^^R[]\OT1/cmr/m/n/12 (\OML/cmm/m/it/12 x[]\OT1/cmr/m/n/12 )[] (1 \OMS/cmsy/m/n/12 ^^@ \OML/cmm/m/it/12 ^^R[]\OT1/cmr/m/n/12 (\OML/cmm/m/it/12 x[]\OT1/cmr/m/n/12 ))[][]\OML/cmm/m/it/12 :
 []

[60] [61] [62] [63] [64]
Overfull \hbox (30.42346pt too wide) detected at line 784
[]
 []


Overfull \hbox (7.30084pt too wide) detected at line 804
[][][]\OML/cmm/m/it/12 ^^M[] \OMS/cmsy/m/n/12 ^^Q \U/msb/m/n/12 E\OT1/cmr/m/n/12 [\OML/cmm/m/it/12 z[] \OMS/cmsy/m/n/12 j \OML/cmm/m/it/12 y[]\OT1/cmr/m/n/12 ;  ^^B[]] = []\OML/cmm/m/it/12 ;
 []

[65]
Overfull \hbox (8.1075pt too wide) detected at line 834
[]
 []

[66] [67] [68] [69]) (./sections/appendix_ar2.tex [70] [71] [72] [73]
Overfull \hbox (15.63199pt too wide) in paragraph at lines 188--192
 []\T1/cmr/bx/n/12 Sufficient statis-tics.[] \T1/cmr/m/n/12 From the re-spon-si-bil-i-ties, ac-cu-mu-late the fol-low-ing weighted
 []

[74] [75] [76]) (./sections/appendix_tenure.tex
Overfull \hbox (29.88744pt too wide) in paragraph at lines 10--16
\T1/cmr/m/n/12 ment den-sity $\OML/cmm/m/it/12 N\OT1/cmr/m/n/12 (0\OML/cmm/m/it/12 ; \OT1/cmr/m/n/12 2\OML/cmm/m/it/12 ^^[[]\OT1/cmr/m/n/12 )$ \T1/cmr/m/n/12 for the tenure-measurement com-po-nent, an EMG $\OML/cmm/m/it/12 f[]\OT1/cmr/m/n/12 (\OMS/cmsy/m/n/12 ^^A\OT1/cmr/m/n/12 ; \OML/cmm/m/it/12 ^^U[]; ^^[[]\OT1/cmr/m/n/12 )$
 []


Overfull \hbox (0.56569pt too wide) in paragraph at lines 18--21
[]\T1/cmr/bx/n/12 Tenure is integer-month, not con-tin-u-ous Gaus-sian. \T1/cmr/m/n/12 Re-ported tenures
 []

[77] [78] [79] [80]
Overfull \hbox (30.59258pt too wide) detected at line 155
[][][]\OML/cmm/m/it/12 g[] \OMS/cmsy/m/n/12 j \OML/cmm/m/it/12 h; m[] \OT1/cmr/m/n/12 = 0\OML/cmm/m/it/12 ;  s[] \OT1/cmr/m/n/12 = 1  =  \OML/cmm/m/it/12 g[]\OT1/cmr/m/n/12 (\OML/cmm/m/it/12 h\OT1/cmr/m/n/12 ) []\OML/cmm/m/it/12 ;  g[] \OMS/cmsy/m/n/12 j \OML/cmm/m/it/12 h; m[] \OT1/cmr/m/n/12 = 1\OML/cmm/m/it/12 ;  s[] \OT1/cmr/m/n/12 = 1  \OMS/cmsy/m/n/12 ^^X  []\OT1/cmr/m/n/12 (\OML/cmm/m/it/12 ^^U[]\OT1/cmr/m/n/12 )\OML/cmm/m/it/12 ;
 []

[81] [82] [83] [84] [85]
Overfull \hbox (6.10573pt too wide) in paragraph at lines 401--408
\T1/cmr/m/n/12 where $\OML/cmm/m/it/12 s[] \OT1/cmr/m/n/12 = 1$\T1/cmr/m/n/12 , and the re-ported nonemployment-timegap cat-e-gories $\OML/cmm/m/it/12 k[] \OMS/cmsy/m/n/12 2 f\OT1/cmr/m/n/12 1\OML/cmm/m/it/12 ; [] ; \OT1/cmr/m/n/12 7\OMS/cmsy/m/n/12 g$
 []


Overfull \hbox (83.88892pt too wide) detected at line 414
[][][]\OML/cmm/m/it/12 p\OT1/cmr/m/n/12 (\OML/cmm/m/it/12 y[] \OMS/cmsy/m/n/12 j \OML/cmm/m/it/12 h\OT1/cmr/m/n/12 ; ^^B) = [] \OMS/cmsy/m/n/12 ^^A [] ^^A [] ^^A []\OML/cmm/m/it/12 ;
 []

[86] [87] [88]

Package hyperref Warning: Token not allowed in a PDF string (Unicode):
(hyperref)                removing `math shift' on input line 550.


Package hyperref Warning: Token not allowed in a PDF string (Unicode):
(hyperref)                removing `\varepsilon' on input line 550.

[89]

Package hyperref Warning: Token not allowed in a PDF string (Unicode):
(hyperref)                removing `math shift' on input line 564.


Package hyperref Warning: Token not allowed in a PDF string (Unicode):
(hyperref)                removing `\pi' on input line 564.

[90]

Package hyperref Warning: Token not allowed in a PDF string (Unicode):
(hyperref)                removing `math shift' on input line 600.


Package hyperref Warning: Token not allowed in a PDF string (Unicode):
(hyperref)                removing `\varepsilon' on input line 600.

[91]

Package hyperref Warning: Token not allowed in a PDF string (Unicode):
(hyperref)                removing `math shift' on input line 677.


Package hyperref Warning: Token not allowed in a PDF string (Unicode):
(hyperref)                removing `\lambda' on input line 677.


Package hyperref Warning: Token not allowed in a PDF string (Unicode):
(hyperref)                removing `subscript' on input line 677.

[92]
Overfull \hbox (38.33237pt too wide) in paragraph at lines 689--700
 [] 
 []


Package hyperref Warning: Token not allowed in a PDF string (Unicode):
(hyperref)                removing `math shift' on input line 702.


Package hyperref Warning: Token not allowed in a PDF string (Unicode):
(hyperref)                removing `\varepsilon' on input line 702.


Package hyperref Warning: Token not allowed in a PDF string (Unicode):
(hyperref)                removing `subscript' on input line 702.


Overfull \hbox (10.05522pt too wide) in paragraph at lines 704--714
\T1/cmr/m/n/12 The QLFS timegap vari-able is a 7-category interval-censored mea-sure-ment. Within-
 []


Package hyperref Warning: Token not allowed in a PDF string (Unicode):
(hyperref)                removing `math shift' on input line 715.


Package hyperref Warning: Token not allowed in a PDF string (Unicode):
(hyperref)                removing `\rho' on input line 715.

[93] [94] [95] [96] [97]) [98] (./paper.aux)
 ***********
LaTeX2e <2025-11-01>
L3 programming layer <2026-03-20>
 ***********


LaTeX Warning: There were multiply-defined labels.

Package rerunfilecheck Info: File `paper.out' has not changed.
(rerunfilecheck)             Checksum: 9E25D7EDDCF32666CD526274EA53FF40;19515.
 ) 
Here is how much of TeX's memory you used:
 14312 strings out of 469339
 230458 string characters out of 5465415
 674630 words of memory out of 5000000
 42449 multiletter control sequences out of 15000+600000
 655004 words of font info for 113 fonts, out of 8000000 for 9000
 14 hyphenation exceptions out of 8191
 67i,16n,77p,602b,619s stack positions out of 10000i,1000n,20000p,200000b,200000s
 </Users/zprinsloo/Library/TinyTeX/texmf-var/fonts/pk/ljfour/jknappen/ec/ecbx1000.600pk> </Users/zprinsloo/Library/TinyTeX/texmf-var/fonts/pk/ljfour/jknappen/ec/ectt1000.600pk> </Users/zprinsloo/Library/TinyTeX/texmf-var/fonts/pk/ljfour/jknappen/ec/ectt1200.600pk> </Users/zprinsloo/Library/TinyTeX/texmf-var/fonts/pk/ljfour/jknappen/ec/ecrm0800.600pk> </Users/zprinsloo/Library/TinyTeX/texmf-var/fonts/pk/ljfour/jknappen/ec/tcrm1200.600pk> </Users/zprinsloo/Library/TinyTeX/texmf-var/fonts/pk/ljfour/jknappen/ec/ecti1000.600pk> </Users/zprinsloo/Library/TinyTeX/texmf-var/fonts/pk/ljfour/jknappen/ec/ecti1200.600pk> </Users/zprinsloo/Library/TinyTeX/texmf-var/fonts/pk/ljfour/jknappen/ec/ecbx1440.600pk> </Users/zprinsloo/Library/TinyTeX/texmf-var/fonts/pk/ljfour/jknappen/ec/ecbx1200.600pk> </Users/zprinsloo/Library/TinyTeX/texmf-var/fonts/pk/ljfour/jknappen/ec/ecbx1728.600pk> </Users/zprinsloo/Library/TinyTeX/texmf-var/fonts/pk/ljfour/jknappen/ec/ecrm1200.600pk> </Users/zprinsloo/Library/TinyTeX/texmf-var/fonts/pk/ljfour/jknappen/ec/ecrm0700.600pk> </Users/zprinsloo/Library/TinyTeX/texmf-var/fonts/pk/ljfour/jknappen/ec/tcrm0700.600pk> </Users/zprinsloo/Library/TinyTeX/texmf-var/fonts/pk/ljfour/jknappen/ec/ecrm1095.600pk> </Users/zprinsloo/Library/TinyTeX/texmf-var/fonts/pk/ljfour/jknappen/ec/ecbx1095.600pk> </Users/zprinsloo/Library/TinyTeX/texmf-var/fonts/pk/ljfour/jknappen/ec/ecrm1000.600pk> </Users/zprinsloo/Library/TinyTeX/texmf-var/fonts/pk/ljfour/jknappen/ec/tcrm1000.600pk> </Users/zprinsloo/Library/TinyTeX/texmf-var/fonts/pk/ljfour/jknappen/ec/ecrm1440.600pk> </Users/zprinsloo/Library/TinyTeX/texmf-var/fonts/pk/ljfour/jknappen/ec/tcrm1440.600pk> </Users/zprinsloo/Library/TinyTeX/texmf-var/fonts/pk/ljfour/jknappen/ec/ecrm2074.600pk></Users/zprinsloo/Library/TinyTeX/texmf-dist/fonts/type1/public/amsfonts/cm/cmbx12.pfb></Users/zprinsloo/Library/TinyTeX/texmf-dist/fonts/type1/public/amsfonts/cm/cmbx8.pfb></Users/zprinsloo/Library/TinyTeX/texmf-dist/fonts/type1/public/amsfonts/cm/cmex10.pfb></Users/zprinsloo/Library/TinyTeX/texmf-dist/fonts/type1/public/amsfonts/cm/cmmi10.pfb></Users/zprinsloo/Library/TinyTeX/texmf-dist/fonts/type1/public/amsfonts/cm/cmmi12.pfb></Users/zprinsloo/Library/TinyTeX/texmf-dist/fonts/type1/public/amsfonts/cm/cmmi6.pfb></Users/zprinsloo/Library/TinyTeX/texmf-dist/fonts/type1/public/amsfonts/cm/cmmi7.pfb></Users/zprinsloo/Library/TinyTeX/texmf-dist/fonts/type1/public/amsfonts/cm/cmmi8.pfb></Users/zprinsloo/Library/TinyTeX/texmf-dist/fonts/type1/public/amsfonts/cm/cmr10.pfb></Users/zprinsloo/Library/TinyTeX/texmf-dist/fonts/type1/public/amsfonts/cm/cmr12.pfb></Users/zprinsloo/Library/TinyTeX/texmf-dist/fonts/type1/public/amsfonts/cm/cmr6.pfb></Users/zprinsloo/Library/TinyTeX/texmf-dist/fonts/type1/public/amsfonts/cm/cmr7.pfb></Users/zprinsloo/Library/TinyTeX/texmf-dist/fonts/type1/public/amsfonts/cm/cmr8.pfb></Users/zprinsloo/Library/TinyTeX/texmf-dist/fonts/type1/public/amsfonts/cm/cmsy10.pfb></Users/zprinsloo/Library/TinyTeX/texmf-dist/fonts/type1/public/amsfonts/cm/cmsy6.pfb></Users/zprinsloo/Library/TinyTeX/texmf-dist/fonts/type1/public/amsfonts/cm/cmsy7.pfb></Users/zprinsloo/Library/TinyTeX/texmf-dist/fonts/type1/public/amsfonts/cm/cmsy8.pfb></Users/zprinsloo/Library/TinyTeX/texmf-dist/fonts/type1/public/amsfonts/symbols/msbm10.pfb>
Output written on paper.pdf (98 pages, 625784 bytes).
PDF statistics:
 2208 PDF objects out of 2487 (max. 8388607)
 1447 compressed objects within 15 object streams
 400 named destinations out of 1000 (max. 500000)
 801 words of extra memory for PDF output out of 10000 (max. 10000000)

